#-----------------------------------------------------------
# Vivado v2020.2 (64-bit)
# SW Build 3064766 on Wed Nov 18 09:12:45 MST 2020
# IP Build 3064653 on Wed Nov 18 14:17:31 MST 2020
# Start of session at: Fri Mar 18 13:04:01 2022
# Process ID: 19736
# Current directory: C:/Users/pepoo/Documents/PetoGit/digital-electronics-1/labs/05-ffs/flip_flops
# Command line: vivado.exe -gui_launcher_event rodinguilauncherevent25208 C:\Users\pepoo\Documents\PetoGit\digital-electronics-1\labs\05-ffs\flip_flops\flip_flops.xpr
# Log file: C:/Users/pepoo/Documents/PetoGit/digital-electronics-1/labs/05-ffs/flip_flops/vivado.log
# Journal file: C:/Users/pepoo/Documents/PetoGit/digital-electronics-1/labs/05-ffs/flip_flops\vivado.jou
#-----------------------------------------------------------
start_gui
open_project C:/Users/pepoo/Documents/PetoGit/digital-electronics-1/labs/05-ffs/flip_flops/flip_flops.xpr
update_compile_order -fileset sources_1
launch_simulation
source tb_ff_rst.tcl
close_sim
launch_simulation
source tb_ff_rst.tcl
close_sim
launch_simulation
source tb_ff_rst.tcl
set_property -name {xsim.simulate.runtime} -value {200ns} -objects [get_filesets sim_1]
close_sim
launch_simulation
source tb_ff_rst.tcl
set_property needs_refresh false [get_runs synth_1]
set_property needs_refresh false [get_runs impl_1]
close_sim
reset_run synth_1
launch_runs synth_1 -jobs 4
wait_on_run synth_1
launch_runs impl_1 -jobs 4
wait_on_run impl_1
launch_simulation
source tb_ff_rst.tcl
add_bp {C:/Users/pepoo/Documents/PetoGit/digital-electronics-1/labs/05-ffs/flip_flops/flip_flops.srcs/sim_1/new/tb_ff_rst.vhd} 89
remove_bps -file {C:/Users/pepoo/Documents/PetoGit/digital-electronics-1/labs/05-ffs/flip_flops/flip_flops.srcs/sim_1/new/tb_ff_rst.vhd} -line 89
add_bp {C:/Users/pepoo/Documents/PetoGit/digital-electronics-1/labs/05-ffs/flip_flops/flip_flops.srcs/sim_1/new/tb_ff_rst.vhd} 89
remove_bps -file {C:/Users/pepoo/Documents/PetoGit/digital-electronics-1/labs/05-ffs/flip_flops/flip_flops.srcs/sim_1/new/tb_ff_rst.vhd} -line 89
launch_runs impl_1 -to_step write_bitstream -jobs 4
wait_on_run impl_1
close_sim
launch_simulation
source tb_ff_rst.tcl
close_sim
